/Users/Ben/Library/Python/3.9/lib/python/site-packages/google/auth/__init__.py:54: FutureWarning: You are using a Python version 3.9 past its end of life. Google will update google-auth with critical bug fixes on a best-effort basis, but not with any other fixes or features. Please upgrade your Python version, and then update google-auth.
  warnings.warn(eol_message.format("3.9"), FutureWarning)
/Users/Ben/Library/Python/3.9/lib/python/site-packages/urllib3/__init__.py:35: NotOpenSSLWarning: urllib3 v2 only supports OpenSSL 1.1.1+, currently the 'ssl' module is compiled with 'LibreSSL 2.8.3'. See: https://github.com/urllib3/urllib3/issues/3020
  warnings.warn(
/Users/Ben/Library/Python/3.9/lib/python/site-packages/google/oauth2/__init__.py:40: FutureWarning: You are using a Python version 3.9 past its end of life. Google will update google-auth with critical bug fixes on a best-effort basis, but not with any other fixes or features. Please upgrade your Python version, and then update google-auth.
  warnings.warn(eol_message.format("3.9"), FutureWarning)
[skip] 01-eric-jenny-chiefs already exists
[skip] 02-mike-brit-tractor already exists
[gen]  03-jess-ben-twelvethirty  (jess, ben)
  ✓ saved (708 KB, 21.9s)
[skip] 04-papo-yari-opry already exists
[skip] 05-ciara-andrea-whitelimozeen already exists
[gen]  06-mike-brit-honkytonk  (mike, brit)
  ✓ saved (858 KB, 19.0s)
[gen]  07-jess-ben-lajackson  (jess, ben)
  ✓ saved (812 KB, 20.2s)
[gen]  08-papo-yari-arrington  (papo, yari)
  ✓ saved (777 KB, 21.7s)
[gen]  09-ciara-andrea-pinewood  (ciara, andrea)
  ! no image part. text=[]  finish_reason=[<FinishReason.IMAGE_SAFETY: 'IMAGE_SAFETY'>]
[skip] 10-eric-jenny-casarosa already exists
[gen]  11-jess-peglegporker  (jess)
  ✓ saved (746 KB, 18.6s)

Done.
